Debug [ensure-npm]: Processing 2 dependencies...
Debug [ensure-npm]: Parsing dependency string: 'assert@1.5.1'
Info [ensure-npm]: Processing dependency assert@1.5.1...
--- Vendoring Script STDERR for assert@1.5.1 ---
Debug: Processing assert@1.5.1
Debug: Package directory /app/libs/javascript/npm_vendored/assert already exists. Checking version...
Debug: Found vendored version 1.5.1, requested 1.5.1.
Info: Correct version (1.5.1) of assert already vendored at /app/libs/javascript/npm_vendored/assert/package.
--- End Vendoring Script STDERR ---
Info [ensure-npm]: Successfully processed assert@1.5.1. Content at: /app/libs/javascript/npm_vendored/assert/package
Debug [ensure-npm]: Parsing dependency string: '@types/node@20.12.7'
Info [ensure-npm]: Processing dependency @types/node@20.12.7...
--- Vendoring Script STDERR for @types/node@20.12.7 ---
Debug: Processing @types/node@20.12.7
Debug: Package directory /app/libs/javascript/npm_vendored/@types/node already exists. Checking version...
Debug: Found vendored version 20.12.7, requested 20.12.7.
Info: Correct version (20.12.7) of @types/node already vendored at /app/libs/javascript/npm_vendored/@types/node/node.
--- End Vendoring Script STDERR ---
Info [ensure-npm]: Successfully processed @types/node@20.12.7. Content at: /app/libs/javascript/npm_vendored/@types/node/node
Info [ensure-npm]: All specified NPM dependencies processed.
Debug [generate-tsconfig]: Processing NPM dep mappings:
Debug [generate-tsconfig]: Processing NPM dep mappings: assert:/app/libs/javascript/npm_vendored/assert/package @types/node:/app/libs/javascript/npm_vendored/@types/node/node
Debug [generate-tsconfig]: Parsed mapping. Package Name: 'assert', Actual Path: '/app/libs/javascript/npm_vendored/assert/package'
Debug [generate-tsconfig]: Relative path for 'assert' is '../../../libs/javascript/npm_vendored/assert/package'
Debug [generate-tsconfig]: Added path mappings for 'assert' and 'assert/*' to tsconfig.
Debug [generate-tsconfig]: Parsed mapping. Package Name: '@types/node', Actual Path: '/app/libs/javascript/npm_vendored/@types/node/node'
Debug [generate-tsconfig]: Relative path for '@types/node' is '../../../libs/javascript/npm_vendored/@types/node/node'
Debug [generate-tsconfig]: Added path mappings for '@types/node' and '@types/node/*' to tsconfig.
